// Jest Snapshot v1, https://goo.gl/fbAQLP

exports[`EquationComponent should match snapshot 1`] = `
<DocumentFragment>
  <h2>
    <ul>
      <li />
    </ul>
  </h2>
</DocumentFragment>
`;
