// Jest Snapshot v1, https://goo.gl/fbAQLP

exports[`GoogleMapLinkComponent should match snapshot 1`] = `<DocumentFragment />`;
