// Jest Snapshot v1, https://goo.gl/fbAQLP

exports[`ScrollToTopLink component should match snapshot 1`] = `
<DocumentFragment>
  <span>
    Back toÂ 
    <a
      class="scroll-to-top"
    >
      top of page
    </a>
    .
  </span>
</DocumentFragment>
`;
