// Jest Snapshot v1, https://goo.gl/fbAQLP

exports[`YouTubeVideoComponent should match snapshot 1`] = `
<DocumentFragment>
  <iframe
    allow="accelerometer; autoplay; clipboard-write; encrypted-media; gyroscope; picture-in-picture"
    allowfullscreen=""
    height="315"
    title="YouTube video player"
    width="100%"
  />
</DocumentFragment>
`;
